// Jest Snapshot v1, https://goo.gl/fbAQLP

exports[`Navbar testing render component 1`] = `
<div>
  <a
    aria-current="page"
    className="active"
    href="/"
    onClick={[Function]}
  />
</div>
`;
