// Jest Snapshot v1, https://goo.gl/fbAQLP

exports[`Details should render the component 1`] = `null`;
